■■ positional parameters
pos1 pos2 3
■■ arguments
def str1 1  1 req cus custom str1 1

0
a b arr1 arr2
