Simple description of the command

Usage: argsh <command> [args]

Available Commands:
  cmd1                     Description of cmd1

Group
  noop                     Description of noop

Options:
   -h, --help 
           Show this help message

Use "argsh <command> --help" for more information about a command.
