Simple description of the command

Usage: argsh <command> [args]

Available Commands:
  cmd1                     Description of cmd1
  cmd2                     Description of cmd2

Options:
   -v, --verbose ...
           Description of arg2
   -f, --config string
           Description of flag
   -h, --help 
           Show this help message

Use "argsh <command> --help" for more information about a command.
