■■ positional parameters
pos1 pos2 3
■■ arguments
def    0 string  string 1

0
a b
