[ pos1 ] invalid usage
âžœ missing required argument: pos1

Use "bats-exec-test -h" for more information
