subcmd1
verbose: 1 1 1 1
config: test
flag2: juhu
