■■ positional parameters
pos1 pos2 3
■■ arguments
def str1 1  1 req cus custom str1 1
v1 v2
1 1 1
a b b1 b2
