[ pos3 ] invalid usage
âžœ invalid type (int): wrong

Use "bats-exec-test -h" for more information
