■■ positional parameters
pos1 pos2 3
■■ arguments
def     string  string 1


a b
