[ arg4| ] invalid usage
âžœ invalid type (float): wrong

Use "bats-exec-test -h" for more information
